Processed data: D:\thesis_final\data\processed
Models: ['mlp', 'cnn', 'lstm', 'serial', 'dualpath']
Tasks: ['binary', '8class', '34class']
Device: cuda
Test rows: 885,988; features: 39
Evaluating task=binary model=mlp...
  acc=0.9672 macro_f1=0.7873 roc_auc=0.9787
Evaluating task=binary model=cnn...
  acc=0.9659 macro_f1=0.7640 roc_auc=0.9754
Evaluating task=binary model=lstm...
  acc=0.9674 macro_f1=0.7840 roc_auc=0.9790
Evaluating task=binary model=serial...
  acc=0.9658 macro_f1=0.7498 roc_auc=0.9762
Evaluating task=binary model=dualpath...
  acc=0.9678 macro_f1=0.7845 roc_auc=0.9793
Evaluating task=8class model=mlp...
  acc=0.8449 macro_f1=0.6469 roc_auc=0.9748
Evaluating task=8class model=cnn...
  acc=0.8349 macro_f1=0.5907 roc_auc=0.9697
Evaluating task=8class model=lstm...
  acc=0.8457 macro_f1=0.6470 roc_auc=0.9759
Evaluating task=8class model=serial...
  acc=0.8393 macro_f1=0.6069 roc_auc=0.9732
Evaluating task=8class model=dualpath...
  acc=0.8459 macro_f1=0.6399 roc_auc=0.9752
Evaluating task=34class model=mlp...
  acc=0.7495 macro_f1=0.5679 roc_auc=0.9811
Evaluating task=34class model=cnn...
  acc=0.7024 macro_f1=0.5239 roc_auc=0.9764
Evaluating task=34class model=lstm...
  acc=0.7558 macro_f1=0.5747 roc_auc=0.9820
Evaluating task=34class model=serial...
  acc=0.7444 macro_f1=0.5628 roc_auc=0.9808
Evaluating task=34class model=dualpath...
  acc=0.7535 macro_f1=0.5712 roc_auc=0.9811
Saved summary: D:\thesis_final\results\baseline_review\baseline_metrics_summary.csv
Saved per-class metrics: D:\thesis_final\results\baseline_review\baseline_per_class_metrics.csv
Saved markdown summary: D:\thesis_final\results\baseline_review\baseline_metrics_summary.md
Saved ROC plots under: D:\thesis_final\results\baseline_review\roc_curves
