========================================================
         CICIoT2023 PROFILE
========================================================
Files:        1 CSV, total size 9.41 GB
MD5:          ceb0d41abdf8e6e0fe3df0c8fe2766fb
Total rows:   45,019,243
Unique classes: 34

Per-class counts (sorted desc):
  DDOS-ICMP_FLOOD                           6,893,259  (15.31%)
  DDOS-UDP_FLOOD                            5,181,027  (11.51%)
  DDOS-TCP_FLOOD                            4,306,086  (9.56%)
  DDOS-PSHACK_FLOOD                         3,920,372  (8.71%)
  DDOS-SYN_FLOOD                            3,886,130  (8.63%)
  DDOS-RSTFINFLOOD                          3,872,808  (8.60%)
  DDOS-SYNONYMOUSIP_FLOOD                   3,445,659  (7.65%)
  DOS-UDP_FLOOD                             3,177,323  (7.06%)
  DOS-TCP_FLOOD                             2,558,256  (5.68%)
  DOS-SYN_FLOOD                             1,942,176  (4.31%)
  BENIGN                                    1,051,373  (2.34%)
  MIRAI-GREETH_FLOOD                          949,381  (2.11%)
  MIRAI-UDPPLAIN                              852,695  (1.89%)
  MIRAI-GREIP_FLOOD                           719,655  (1.60%)
  DDOS-ICMP_FRAGMENTATION                     433,157  (0.96%)
  VULNERABILITYSCAN                           357,583  (0.79%)
  MITM-ARPSPOOFING                            294,469  (0.65%)
  DDOS-UDP_FRAGMENTATION                      274,909  (0.61%)
  DDOS-ACK_FRAGMENTATION                      272,793  (0.61%)
  DNS_SPOOFING                                171,468  (0.38%)
  RECON-HOSTDISCOVERY                         128,677  (0.29%)
  RECON-OSSCAN                                 93,970  (0.21%)
  RECON-PORTSCAN                               78,730  (0.17%)
  DOS-HTTP_FLOOD                               68,799  (0.15%)
  DDOS-HTTP_FLOOD                              27,597  (0.06%)
  DDOS-SLOWLORIS                               22,400  (0.05%)
  DICTIONARYBRUTEFORCE                         12,522  (0.03%)
  BROWSERHIJACKING                              5,630  (0.01%)
  COMMANDINJECTION                              5,168  (0.01%)
  SQLINJECTION                                  5,022  (0.01%)
  XSS                                           3,705  (0.01%)
  BACKDOOR_MALWARE                              3,078  (0.01%)
  RECON-PINGSWEEP                               2,161  (0.00%)
  UPLOADING_ATTACK                              1,196  (0.00%)

Category rollups:
  DDoS              32,536,197   (from 12 attacks)
  DoS                7,746,554   (from 4 attacks)
  Mirai              2,521,731   (from 3 attacks)
  Benign             1,051,373   (from 1 attack)
  Spoofing             465,937   (from 2 attacks)
  Recon                661,121   (from 5 attacks)
  Web                   23,799   (from 6 attacks)
  BruteForce            12,522   (from 1 attack)

Imbalance ratio (max_class / min_class): 5763.6
========================================================
